// Copyright 2018 The Chromium Authors
// Use of this source code is governed by a BSD-style license that can be
// found in the LICENSE file.

package org.chromium.base.natives;

// This file is autogenerated by
//     base/android/jni_generator/jni_registration_generator.py
// Please do not change its content.

public class GEN_JNI {
    public static final boolean TESTING_ENABLED = false;
    public static final boolean REQUIRE_MOCK = false;


      // Hashed name: Java_J_N_Mo5zFsNz
    public static native long org_chromium_example_jni_1generator_SampleForTests_init(Object caller, String param);
      // Hashed name: Java_J_N_Mr6pLRV4
    public static native void org_chromium_example_jni_1generator_SampleForTests_destroy(long nativeCPPClass, Object caller);
      // Hashed name: Java_J_N_Mk8cdXlE
    public static native double org_chromium_example_jni_1generator_SampleForTests_getDoubleFunction(Object caller);
      // Hashed name: Java_J_N_MLxWa5Px
    public static native float org_chromium_example_jni_1generator_SampleForTests_getFloatFunction();
      // Hashed name: Java_J_N_M2FORct0
    public static native void org_chromium_example_jni_1generator_SampleForTests_setNonPODDatatype(Object caller, Object rect);
      // Hashed name: Java_J_N_MsSBMNlQ
    public static native Object org_chromium_example_jni_1generator_SampleForTests_getNonPODDatatype(Object caller);
      // Hashed name: Java_J_N_MsFLKdqd
    public static native int org_chromium_example_jni_1generator_SampleForTests_method(long nativeCPPClass, Object caller);
      // Hashed name: Java_J_N_MQo$lr$8
    public static native double org_chromium_example_jni_1generator_SampleForTests_methodOtherP0(long nativePtr, Object caller);
      // Hashed name: Java_J_N_MVfRccKr
    public static native void org_chromium_example_jni_1generator_SampleForTests_addStructB(long nativeCPPClass, Object caller, Object b);
      // Hashed name: Java_J_N_Mrn4dUkS
    public static native void org_chromium_example_jni_1generator_SampleForTests_iterateAndDoSomethingWithStructB(long nativeCPPClass, Object caller);
      // Hashed name: Java_J_N_MmArlaE5
    public static native String org_chromium_example_jni_1generator_SampleForTests_returnAString(long nativeCPPClass, Object caller);
}
