// Copyright 2018 The Chromium Authors
// Use of this source code is governed by a BSD-style license that can be
// found in the LICENSE file.

package J;

// This file is autogenerated by
//     base/android/jni_generator/jni_registration_generator.py
// Please do not change its content.

public class N {


      // Original name: org_chromium_example_jni_1generator_SampleProxyEdgeCases_foo_1_1weirdly_1_1escaped_1name1
    public static native void MV9YSTxh();
      // Original name: org_chromium_example_jni_1generator_SampleProxyEdgeCases_arrayTypes1
    public static native String[][] MrisBOFT(int[] a, Object[][] b);
      // Original name: org_chromium_example_jni_1generator_SampleProxyEdgeCases_arrayTypes2
    public static native int[] ML5jr$Tu(int[] a, Throwable[][] b);
      // Original name: org_chromium_example_jni_1generator_SampleProxyEdgeCases_fooForTest
    public static native void M3dXOemX_ForTesting();
      // Original name: org_chromium_example_jni_1generator_SampleProxyEdgeCases_fooForTesting
    public static native void MCNruAwI_ForTesting();
      // Original name: org_chromium_example_jni_1generator_SampleProxyEdgeCases_genericsWithNestedClassArray
    public static native Object[] MfODWEgT(Object[] arg);
      // Original name: org_chromium_example_jni_1generator_SampleProxyEdgeCases_addStructB
    public static native int MyOkSBQ0(Object caller, Object b);
      // Original name: org_chromium_example_jni_1generator_SampleProxyEdgeCases_setStringBuilder
    public static native boolean MD8PmkAP(Object sb);
      // Original name: org_chromium_example_jni_1generator_SampleProxyEdgeCases_setBool
    public static native void MPgXV$mN(Object b, Object i);
      // Original name: org_chromium_example_jni_1generator_SampleProxyEdgeCases_setStringBuilder
    public static native int MD8PmkAP(int sb);
}
