//
// This file is a placeholder. It was generated by base/android/jni_generator/jni_generator.py
//

package this.is.a.package.prefix.org.chromium.base.natives;

public class GEN_JNI {
  public static boolean TESTING_ENABLED;
  public static boolean REQUIRE_MOCK;

  public static native long this_is_a_package_prefix_org_chromium_example_jni_1generator_SampleForTests_init(Object caller, String param);
  public static native void this_is_a_package_prefix_org_chromium_example_jni_1generator_SampleForTests_destroy(long nativeCPPClass, Object caller);
  public static native double this_is_a_package_prefix_org_chromium_example_jni_1generator_SampleForTests_getDoubleFunction(Object caller);
  public static native float this_is_a_package_prefix_org_chromium_example_jni_1generator_SampleForTests_getFloatFunction();
  public static native void this_is_a_package_prefix_org_chromium_example_jni_1generator_SampleForTests_setNonPODDatatype(Object caller, Object rect);
  public static native Object this_is_a_package_prefix_org_chromium_example_jni_1generator_SampleForTests_getNonPODDatatype(Object caller);
  public static native int this_is_a_package_prefix_org_chromium_example_jni_1generator_SampleForTests_method(long nativeCPPClass, Object caller);
  public static native double this_is_a_package_prefix_org_chromium_example_jni_1generator_SampleForTests_methodOtherP0(long nativePtr, Object caller);
  public static native void this_is_a_package_prefix_org_chromium_example_jni_1generator_SampleForTests_addStructB(long nativeCPPClass, Object caller, Object b);
  public static native void this_is_a_package_prefix_org_chromium_example_jni_1generator_SampleForTests_iterateAndDoSomethingWithStructB(long nativeCPPClass, Object caller);
  public static native String this_is_a_package_prefix_org_chromium_example_jni_1generator_SampleForTests_returnAString(long nativeCPPClass, Object caller);
}
