//
// This file is a placeholder. It was generated by base/android/jni_generator/jni_generator.py
//

package org.chromium.base.natives;

public class GEN_JNI {
  public static boolean TESTING_ENABLED;
  public static boolean REQUIRE_MOCK;

  public static native void org_chromium_example_jni_1generator_SampleProxyEdgeCases_foo_1_1weirdly_1_1escaped_1name1();
  public static native String[][] org_chromium_example_jni_1generator_SampleProxyEdgeCases_arrayTypes1(int[] a, Object[][] b);
  public static native int[] org_chromium_example_jni_1generator_SampleProxyEdgeCases_arrayTypes2(int[] a, Throwable[][] b);
  public static native void org_chromium_example_jni_1generator_SampleProxyEdgeCases_fooForTest();
  public static native void org_chromium_example_jni_1generator_SampleProxyEdgeCases_fooForTesting();
  public static native Object[] org_chromium_example_jni_1generator_SampleProxyEdgeCases_genericsWithNestedClassArray(Object[] arg);
  public static native int org_chromium_example_jni_1generator_SampleProxyEdgeCases_addStructB(Object caller, Object b);
  public static native boolean org_chromium_example_jni_1generator_SampleProxyEdgeCases_setStringBuilder(Object sb);
  public static native void org_chromium_example_jni_1generator_SampleProxyEdgeCases_setBool(Object b, Object i);
  public static native int org_chromium_example_jni_1generator_SampleProxyEdgeCases_setStringBuilder(int sb);
}
