// Copyright 2014 The Chromium Authors
// Use of this source code is governed by a BSD-style license that can be
// found in the LICENSE file.


// This file is autogenerated by
//     base/android/jni_generator/jni_generator.py
// For
//     org/chromium/example/jni_generator/SampleModule

#ifndef org_chromium_example_jni_generator_SampleModule_JNI
#define org_chromium_example_jni_generator_SampleModule_JNI

#include <jni.h>

#include "base/android/jni_generator/jni_generator_helper.h"


// Step 1: Forward declarations.


// Step 2: Constants (optional).


// Step 3: Method stubs.
static void JNI_SampleModule_Foo(JNIEnv* env);

JNI_GENERATOR_EXPORT void Java_J_module_1N_M_00024_00024EIl9t(
    JNIEnv* env,
    jclass jcaller) {
  return JNI_SampleModule_Foo(env);
}

static jboolean JNI_SampleModule_Bar(JNIEnv* env, jint a);

JNI_GENERATOR_EXPORT jboolean Java_J_module_1N_Mc2WZLnF(
    JNIEnv* env,
    jclass jcaller,
    jint a) {
  return JNI_SampleModule_Bar(env, a);
}


#endif  // org_chromium_example_jni_generator_SampleModule_JNI
